// Jest Snapshot v1, https://goo.gl/fbAQLP

exports[`<button /> should snapshot match 1`] = `
<button
  class="button"
  disabled=""
>
  text test
</button>
`;
