// Jest Snapshot v1, https://goo.gl/fbAQLP

exports[`<SearchBar /> should match snapshot 1`] = `
<input
  class="search-bar"
  placeholder="Type to Search"
  type="search"
  value="input test"
/>
`;
